2025-06-25T03:36:28.2428008Z Current runner version: '2.325.0'
2025-06-25T03:36:28.2455689Z ##[group]Operating System
2025-06-25T03:36:28.2456820Z Ubuntu
2025-06-25T03:36:28.2457458Z 24.04.2
2025-06-25T03:36:28.2457947Z LTS
2025-06-25T03:36:28.2458388Z ##[endgroup]
2025-06-25T03:36:28.2459088Z ##[group]Runner Image
2025-06-25T03:36:28.2459691Z Image: ubuntu-24.04
2025-06-25T03:36:28.2460162Z Version: 20250615.1.0
2025-06-25T03:36:28.2461245Z Included Software: https://github.com/actions/runner-images/blob/ubuntu24/20250615.1/images/ubuntu/Ubuntu2404-Readme.md
2025-06-25T03:36:28.2462629Z Image Release: https://github.com/actions/runner-images/releases/tag/ubuntu24%2F20250615.1
2025-06-25T03:36:28.2463554Z ##[endgroup]
2025-06-25T03:36:28.2464097Z ##[group]Runner Image Provisioner
2025-06-25T03:36:28.2464691Z 2.0.437.1
2025-06-25T03:36:28.2465195Z ##[endgroup]
2025-06-25T03:36:28.2466600Z ##[group]GITHUB_TOKEN Permissions
2025-06-25T03:36:28.2468570Z Contents: read
2025-06-25T03:36:28.2469188Z Metadata: read
2025-06-25T03:36:28.2469878Z Packages: read
2025-06-25T03:36:28.2470519Z ##[endgroup]
2025-06-25T03:36:28.2472733Z Secret source: Actions
2025-06-25T03:36:28.2473684Z Prepare workflow directory
2025-06-25T03:36:28.2809126Z Prepare all required actions
2025-06-25T03:36:28.2848196Z Getting action download info
2025-06-25T03:36:28.6705846Z ##[group]Download immutable action package 'actions/checkout@v3'
2025-06-25T03:36:28.6707177Z Version: 3.6.0
2025-06-25T03:36:28.6708293Z Digest: sha256:942562b9c7d4b1f2557f1da21f4d3eb4eb4fd01f2ad78b2a6e187d1b193e0a0f
2025-06-25T03:36:28.6709496Z Source commit SHA: f43a0e5ff2bd294095638e18286ca9a3d1956744
2025-06-25T03:36:28.6710187Z ##[endgroup]
2025-06-25T03:36:28.7795862Z ##[group]Download immutable action package 'actions/setup-python@v4'
2025-06-25T03:36:28.7796895Z Version: 4.9.1
2025-06-25T03:36:28.7797646Z Digest: sha256:f03e505388af670b5a108629e0ba26befc08d5c62b41f46146a45fe29ae509a5
2025-06-25T03:36:28.7798699Z Source commit SHA: 7f4fc3e22c37d6ff65e88745f38bd3157c663f7c
2025-06-25T03:36:28.7799358Z ##[endgroup]
2025-06-25T03:36:29.2726401Z Complete job name: run-bot
2025-06-25T03:36:29.3455284Z ##[group]Run actions/checkout@v3
2025-06-25T03:36:29.3456099Z with:
2025-06-25T03:36:29.3456695Z   repository: Riyaspn/amazon-affiliate-bot
2025-06-25T03:36:29.3457401Z   token: ***
2025-06-25T03:36:29.3457781Z   ssh-strict: true
2025-06-25T03:36:29.3458198Z   persist-credentials: true
2025-06-25T03:36:29.3458652Z   clean: true
2025-06-25T03:36:29.3459065Z   sparse-checkout-cone-mode: true
2025-06-25T03:36:29.3459540Z   fetch-depth: 1
2025-06-25T03:36:29.3459935Z   fetch-tags: false
2025-06-25T03:36:29.3460327Z   lfs: false
2025-06-25T03:36:29.3460696Z   submodules: false
2025-06-25T03:36:29.3461139Z   set-safe-directory: true
2025-06-25T03:36:29.3461878Z ##[endgroup]
2025-06-25T03:36:29.5803170Z Syncing repository: Riyaspn/amazon-affiliate-bot
2025-06-25T03:36:29.5805035Z ##[group]Getting Git version info
2025-06-25T03:36:29.5805918Z Working directory is '/home/runner/work/amazon-affiliate-bot/amazon-affiliate-bot'
2025-06-25T03:36:29.5807507Z [command]/usr/bin/git version
2025-06-25T03:36:29.5913418Z git version 2.49.0
2025-06-25T03:36:29.5944137Z ##[endgroup]
2025-06-25T03:36:29.5963215Z Temporarily overriding HOME='/home/runner/work/_temp/f33c18c6-7a9a-4f83-95d0-47e626aaf2ab' before making global git config changes
2025-06-25T03:36:29.5965990Z Adding repository directory to the temporary git global config as a safe directory
2025-06-25T03:36:29.5968742Z [command]/usr/bin/git config --global --add safe.directory /home/runner/work/amazon-affiliate-bot/amazon-affiliate-bot
2025-06-25T03:36:29.6004031Z Deleting the contents of '/home/runner/work/amazon-affiliate-bot/amazon-affiliate-bot'
2025-06-25T03:36:29.6008654Z ##[group]Initializing the repository
2025-06-25T03:36:29.6012695Z [command]/usr/bin/git init /home/runner/work/amazon-affiliate-bot/amazon-affiliate-bot
2025-06-25T03:36:29.6117898Z hint: Using 'master' as the name for the initial branch. This default branch name
2025-06-25T03:36:29.6119426Z hint: is subject to change. To configure the initial branch name to use in all
2025-06-25T03:36:29.6120807Z hint: of your new repositories, which will suppress this warning, call:
2025-06-25T03:36:29.6121886Z hint:
2025-06-25T03:36:29.6122517Z hint: 	git config --global init.defaultBranch <name>
2025-06-25T03:36:29.6123161Z hint:
2025-06-25T03:36:29.6124229Z hint: Names commonly chosen instead of 'master' are 'main', 'trunk' and
2025-06-25T03:36:29.6125430Z hint: 'development'. The just-created branch can be renamed via this command:
2025-06-25T03:36:29.6127034Z hint:
2025-06-25T03:36:29.6127891Z hint: 	git branch -m <name>
2025-06-25T03:36:29.6129713Z Initialized empty Git repository in /home/runner/work/amazon-affiliate-bot/amazon-affiliate-bot/.git/
2025-06-25T03:36:29.6136663Z [command]/usr/bin/git remote add origin https://github.com/Riyaspn/amazon-affiliate-bot
2025-06-25T03:36:29.6170210Z ##[endgroup]
2025-06-25T03:36:29.6171600Z ##[group]Disabling automatic garbage collection
2025-06-25T03:36:29.6173369Z [command]/usr/bin/git config --local gc.auto 0
2025-06-25T03:36:29.6200701Z ##[endgroup]
2025-06-25T03:36:29.6202169Z ##[group]Setting up auth
2025-06-25T03:36:29.6206968Z [command]/usr/bin/git config --local --name-only --get-regexp core\.sshCommand
2025-06-25T03:36:29.6234938Z [command]/usr/bin/git submodule foreach --recursive sh -c "git config --local --name-only --get-regexp 'core\.sshCommand' && git config --local --unset-all 'core.sshCommand' || :"
2025-06-25T03:36:29.6573848Z [command]/usr/bin/git config --local --name-only --get-regexp http\.https\:\/\/github\.com\/\.extraheader
2025-06-25T03:36:29.6601901Z [command]/usr/bin/git submodule foreach --recursive sh -c "git config --local --name-only --get-regexp 'http\.https\:\/\/github\.com\/\.extraheader' && git config --local --unset-all 'http.https://github.com/.extraheader' || :"
2025-06-25T03:36:29.6825410Z [command]/usr/bin/git config --local http.https://github.com/.extraheader AUTHORIZATION: basic ***
2025-06-25T03:36:29.6859189Z ##[endgroup]
2025-06-25T03:36:29.6860734Z ##[group]Fetching the repository
2025-06-25T03:36:29.6869130Z [command]/usr/bin/git -c protocol.version=2 fetch --no-tags --prune --progress --no-recurse-submodules --depth=1 origin +28cb8bf2895489fa854955113047f16f5ec77179:refs/remotes/origin/main
2025-06-25T03:36:30.2531939Z remote: Enumerating objects: 13, done.        
2025-06-25T03:36:30.2533546Z remote: Counting objects:   7% (1/13)        
2025-06-25T03:36:30.2534657Z remote: Counting objects:  15% (2/13)        
2025-06-25T03:36:30.2535751Z remote: Counting objects:  23% (3/13)        
2025-06-25T03:36:30.2537174Z remote: Counting objects:  30% (4/13)        
2025-06-25T03:36:30.2538377Z remote: Counting objects:  38% (5/13)        
2025-06-25T03:36:30.2539336Z remote: Counting objects:  46% (6/13)        
2025-06-25T03:36:30.2540279Z remote: Counting objects:  53% (7/13)        
2025-06-25T03:36:30.2541217Z remote: Counting objects:  61% (8/13)        
2025-06-25T03:36:30.2542150Z remote: Counting objects:  69% (9/13)        
2025-06-25T03:36:30.2543513Z remote: Counting objects:  76% (10/13)        
2025-06-25T03:36:30.2544585Z remote: Counting objects:  84% (11/13)        
2025-06-25T03:36:30.2545750Z remote: Counting objects:  92% (12/13)        
2025-06-25T03:36:30.2547090Z remote: Counting objects: 100% (13/13)        
2025-06-25T03:36:30.2548257Z remote: Counting objects: 100% (13/13), done.        
2025-06-25T03:36:30.2549434Z remote: Compressing objects:  12% (1/8)        
2025-06-25T03:36:30.2550598Z remote: Compressing objects:  25% (2/8)        
2025-06-25T03:36:30.2551722Z remote: Compressing objects:  37% (3/8)        
2025-06-25T03:36:30.2552851Z remote: Compressing objects:  50% (4/8)        
2025-06-25T03:36:30.2553960Z remote: Compressing objects:  62% (5/8)        
2025-06-25T03:36:30.2555084Z remote: Compressing objects:  75% (6/8)        
2025-06-25T03:36:30.2556361Z remote: Compressing objects:  87% (7/8)        
2025-06-25T03:36:30.2557594Z remote: Compressing objects: 100% (8/8)        
2025-06-25T03:36:30.2559354Z remote: Compressing objects: 100% (8/8), done.        
2025-06-25T03:36:30.2939207Z remote: Total 13 (delta 0), reused 9 (delta 0), pack-reused 0 (from 0)        
2025-06-25T03:36:30.3041339Z From https://github.com/Riyaspn/amazon-affiliate-bot
2025-06-25T03:36:30.3045811Z  * [new ref]         28cb8bf2895489fa854955113047f16f5ec77179 -> origin/main
2025-06-25T03:36:30.3079664Z ##[endgroup]
2025-06-25T03:36:30.3083021Z ##[group]Determining the checkout info
2025-06-25T03:36:30.3087077Z ##[endgroup]
2025-06-25T03:36:30.3090072Z ##[group]Checking out the ref
2025-06-25T03:36:30.3094690Z [command]/usr/bin/git checkout --progress --force -B main refs/remotes/origin/main
2025-06-25T03:36:30.3141726Z Switched to a new branch 'main'
2025-06-25T03:36:30.3146906Z branch 'main' set up to track 'origin/main'.
2025-06-25T03:36:30.3158133Z ##[endgroup]
2025-06-25T03:36:30.3190011Z [command]/usr/bin/git log -1 --format='%H'
2025-06-25T03:36:30.3212349Z '28cb8bf2895489fa854955113047f16f5ec77179'
2025-06-25T03:36:30.3585668Z ##[group]Run actions/setup-python@v4
2025-06-25T03:36:30.3587047Z with:
2025-06-25T03:36:30.3587854Z   python-version: 3.11
2025-06-25T03:36:30.3588793Z   check-latest: false
2025-06-25T03:36:30.3589965Z   token: ***
2025-06-25T03:36:30.3590822Z   update-environment: true
2025-06-25T03:36:30.3591836Z   allow-prereleases: false
2025-06-25T03:36:30.3592814Z ##[endgroup]
2025-06-25T03:36:30.5287366Z ##[group]Installed versions
2025-06-25T03:36:30.5351672Z Successfully set up CPython (3.11.13)
2025-06-25T03:36:30.5353569Z ##[endgroup]
2025-06-25T03:36:30.5495394Z ##[group]Run python -m pip install --upgrade pip
2025-06-25T03:36:30.5497272Z [36;1mpython -m pip install --upgrade pip[0m
2025-06-25T03:36:30.5498525Z [36;1mpip install -r requirements.txt[0m
2025-06-25T03:36:30.5609680Z shell: /usr/bin/bash -e {0}
2025-06-25T03:36:30.5610637Z env:
2025-06-25T03:36:30.5611637Z   pythonLocation: /opt/hostedtoolcache/Python/3.11.13/x64
2025-06-25T03:36:30.5613397Z   PKG_CONFIG_PATH: /opt/hostedtoolcache/Python/3.11.13/x64/lib/pkgconfig
2025-06-25T03:36:30.5615149Z   Python_ROOT_DIR: /opt/hostedtoolcache/Python/3.11.13/x64
2025-06-25T03:36:30.5616981Z   Python2_ROOT_DIR: /opt/hostedtoolcache/Python/3.11.13/x64
2025-06-25T03:36:30.5618552Z   Python3_ROOT_DIR: /opt/hostedtoolcache/Python/3.11.13/x64
2025-06-25T03:36:30.5620107Z   LD_LIBRARY_PATH: /opt/hostedtoolcache/Python/3.11.13/x64/lib
2025-06-25T03:36:30.5621405Z ##[endgroup]
2025-06-25T03:36:32.7147166Z Requirement already satisfied: pip in /opt/hostedtoolcache/Python/3.11.13/x64/lib/python3.11/site-packages (25.1.1)
2025-06-25T03:36:33.4131847Z Collecting aiohappyeyeballs==2.6.1 (from -r requirements.txt (line 1))
2025-06-25T03:36:33.4767686Z   Downloading aiohappyeyeballs-2.6.1-py3-none-any.whl.metadata (5.9 kB)
2025-06-25T03:36:33.9852012Z Collecting aiohttp==3.12.13 (from -r requirements.txt (line 2))
2025-06-25T03:36:33.9958049Z   Downloading aiohttp-3.12.13-cp311-cp311-manylinux_2_17_x86_64.manylinux2014_x86_64.whl.metadata (7.6 kB)
2025-06-25T03:36:34.0163669Z Collecting aiosignal==1.3.2 (from -r requirements.txt (line 3))
2025-06-25T03:36:34.0267596Z   Downloading aiosignal-1.3.2-py2.py3-none-any.whl.metadata (3.8 kB)
2025-06-25T03:36:34.0530466Z Collecting anyio==4.9.0 (from -r requirements.txt (line 4))
2025-06-25T03:36:34.0634055Z   Downloading anyio-4.9.0-py3-none-any.whl.metadata (4.7 kB)
2025-06-25T03:36:34.0957159Z Collecting APScheduler==3.11.0 (from -r requirements.txt (line 5))
2025-06-25T03:36:34.1069389Z   Downloading APScheduler-3.11.0-py3-none-any.whl.metadata (6.4 kB)
2025-06-25T03:36:34.1334206Z Collecting attrs==25.3.0 (from -r requirements.txt (line 6))
2025-06-25T03:36:34.1438335Z   Downloading attrs-25.3.0-py3-none-any.whl.metadata (10 kB)
2025-06-25T03:36:34.1762041Z Collecting beautifulsoup4==4.13.4 (from -r requirements.txt (line 7))
2025-06-25T03:36:34.1868508Z   Downloading beautifulsoup4-4.13.4-py3-none-any.whl.metadata (3.8 kB)
2025-06-25T03:36:34.2126436Z Collecting blinker==1.9.0 (from -r requirements.txt (line 8))
2025-06-25T03:36:34.2227777Z   Downloading blinker-1.9.0-py3-none-any.whl.metadata (1.6 kB)
2025-06-25T03:36:34.2478792Z Collecting certifi==2025.6.15 (from -r requirements.txt (line 9))
2025-06-25T03:36:34.2577951Z   Downloading certifi-2025.6.15-py3-none-any.whl.metadata (2.4 kB)
2025-06-25T03:36:34.3584125Z Collecting cffi==1.17.1 (from -r requirements.txt (line 10))
2025-06-25T03:36:34.3696787Z   Downloading cffi-1.17.1-cp311-cp311-manylinux_2_17_x86_64.manylinux2014_x86_64.whl.metadata (1.5 kB)
2025-06-25T03:36:34.4468332Z Collecting charset-normalizer==3.4.2 (from -r requirements.txt (line 11))
2025-06-25T03:36:34.4577451Z   Downloading charset_normalizer-3.4.2-cp311-cp311-manylinux_2_17_x86_64.manylinux2014_x86_64.whl.metadata (35 kB)
2025-06-25T03:36:34.4905069Z Collecting click==8.2.1 (from -r requirements.txt (line 12))
2025-06-25T03:36:34.5012527Z   Downloading click-8.2.1-py3-none-any.whl.metadata (2.5 kB)
2025-06-25T03:36:34.5265902Z Collecting colorama==0.4.6 (from -r requirements.txt (line 13))
2025-06-25T03:36:34.5369819Z   Downloading colorama-0.4.6-py2.py3-none-any.whl.metadata (17 kB)
2025-06-25T03:36:34.5625665Z Collecting fake-useragent==2.2.0 (from -r requirements.txt (line 14))
2025-06-25T03:36:34.5743603Z   Downloading fake_useragent-2.2.0-py3-none-any.whl.metadata (17 kB)
2025-06-25T03:36:34.6016469Z Collecting Flask==3.1.1 (from -r requirements.txt (line 15))
2025-06-25T03:36:34.6117090Z   Downloading flask-3.1.1-py3-none-any.whl.metadata (3.0 kB)
2025-06-25T03:36:34.6833374Z Collecting frozenlist==1.7.0 (from -r requirements.txt (line 16))
2025-06-25T03:36:34.6938826Z   Downloading frozenlist-1.7.0-cp311-cp311-manylinux_2_5_x86_64.manylinux1_x86_64.manylinux_2_17_x86_64.manylinux2014_x86_64.whl.metadata (18 kB)
2025-06-25T03:36:34.8179807Z Collecting greenlet==3.2.3 (from -r requirements.txt (line 17))
2025-06-25T03:36:34.8287239Z   Downloading greenlet-3.2.3-cp311-cp311-manylinux_2_24_x86_64.manylinux_2_28_x86_64.whl.metadata (4.1 kB)
2025-06-25T03:36:34.8500676Z Collecting h11==0.16.0 (from -r requirements.txt (line 18))
2025-06-25T03:36:34.8604010Z   Downloading h11-0.16.0-py3-none-any.whl.metadata (8.3 kB)
2025-06-25T03:36:34.8860747Z Collecting httpcore==1.0.9 (from -r requirements.txt (line 19))
2025-06-25T03:36:34.9004020Z   Downloading httpcore-1.0.9-py3-none-any.whl.metadata (21 kB)
2025-06-25T03:36:34.9283161Z Collecting httpx==0.25.2 (from -r requirements.txt (line 20))
2025-06-25T03:36:34.9393587Z   Downloading httpx-0.25.2-py3-none-any.whl.metadata (6.9 kB)
2025-06-25T03:36:34.9855418Z Collecting idna==3.10 (from -r requirements.txt (line 21))
2025-06-25T03:36:34.9962640Z   Downloading idna-3.10-py3-none-any.whl.metadata (10 kB)
2025-06-25T03:36:35.0158462Z Collecting itsdangerous==2.2.0 (from -r requirements.txt (line 22))
2025-06-25T03:36:35.0266755Z   Downloading itsdangerous-2.2.0-py3-none-any.whl.metadata (1.9 kB)
2025-06-25T03:36:35.0486756Z Collecting Jinja2==3.1.6 (from -r requirements.txt (line 23))
2025-06-25T03:36:35.0590351Z   Downloading jinja2-3.1.6-py3-none-any.whl.metadata (2.9 kB)
2025-06-25T03:36:35.1150570Z Collecting MarkupSafe==3.0.2 (from -r requirements.txt (line 24))
2025-06-25T03:36:35.1255610Z   Downloading MarkupSafe-3.0.2-cp311-cp311-manylinux_2_17_x86_64.manylinux2014_x86_64.whl.metadata (4.0 kB)
2025-06-25T03:36:35.3314811Z Collecting multidict==6.5.0 (from -r requirements.txt (line 25))
2025-06-25T03:36:35.3433975Z   Downloading multidict-6.5.0-cp311-cp311-manylinux_2_17_x86_64.manylinux2014_x86_64.whl.metadata (5.3 kB)
2025-06-25T03:36:35.5112811Z Collecting numpy==2.2.0 (from -r requirements.txt (line 26))
2025-06-25T03:36:35.5228657Z   Downloading numpy-2.2.0-cp311-cp311-manylinux_2_17_x86_64.manylinux2014_x86_64.whl.metadata (62 kB)
2025-06-25T03:36:35.5552376Z Collecting outcome==1.3.0.post0 (from -r requirements.txt (line 27))
2025-06-25T03:36:35.5662690Z   Downloading outcome-1.3.0.post0-py2.py3-none-any.whl.metadata (2.6 kB)
2025-06-25T03:36:35.5895010Z Collecting packaging==25.0 (from -r requirements.txt (line 28))
2025-06-25T03:36:35.5996809Z   Downloading packaging-25.0-py3-none-any.whl.metadata (3.3 kB)
2025-06-25T03:36:35.7439676Z Collecting pandas==2.3.0 (from -r requirements.txt (line 29))
2025-06-25T03:36:35.7545322Z   Downloading pandas-2.3.0-cp311-cp311-manylinux_2_17_x86_64.manylinux2014_x86_64.whl.metadata (91 kB)
2025-06-25T03:36:35.8310952Z Collecting playwright==1.52.0 (from -r requirements.txt (line 30))
2025-06-25T03:36:35.8475169Z   Downloading playwright-1.52.0-py3-none-manylinux1_x86_64.whl.metadata (3.5 kB)
2025-06-25T03:36:35.8987057Z Collecting propcache==0.3.2 (from -r requirements.txt (line 31))
2025-06-25T03:36:35.9090350Z   Downloading propcache-0.3.2-cp311-cp311-manylinux_2_17_x86_64.manylinux2014_x86_64.whl.metadata (12 kB)
2025-06-25T03:36:35.9298142Z Collecting pycparser==2.22 (from -r requirements.txt (line 32))
2025-06-25T03:36:35.9401943Z   Downloading pycparser-2.22-py3-none-any.whl.metadata (943 bytes)
2025-06-25T03:36:35.9667620Z Collecting pyee==13.0.0 (from -r requirements.txt (line 33))
2025-06-25T03:36:35.9782151Z   Downloading pyee-13.0.0-py3-none-any.whl.metadata (2.9 kB)
2025-06-25T03:36:36.0014445Z Collecting PySocks==1.7.1 (from -r requirements.txt (line 34))
2025-06-25T03:36:36.0115791Z   Downloading PySocks-1.7.1-py3-none-any.whl.metadata (13 kB)
2025-06-25T03:36:36.0337640Z Collecting python-dateutil==2.9.0.post0 (from -r requirements.txt (line 35))
2025-06-25T03:36:36.0440803Z   Downloading python_dateutil-2.9.0.post0-py2.py3-none-any.whl.metadata (8.4 kB)
2025-06-25T03:36:36.0673559Z Collecting python-dotenv==1.1.0 (from -r requirements.txt (line 36))
2025-06-25T03:36:36.0809959Z   Downloading python_dotenv-1.1.0-py3-none-any.whl.metadata (24 kB)
2025-06-25T03:36:36.1201907Z Collecting python-telegram-bot==20.7 (from -r requirements.txt (line 37))
2025-06-25T03:36:36.1345870Z   Downloading python_telegram_bot-20.7-py3-none-any.whl.metadata (15 kB)
2025-06-25T03:36:36.1813292Z Collecting pytz==2025.2 (from -r requirements.txt (line 38))
2025-06-25T03:36:36.1921872Z   Downloading pytz-2025.2-py2.py3-none-any.whl.metadata (22 kB)
2025-06-25T03:36:36.2256175Z Collecting requests==2.32.4 (from -r requirements.txt (line 39))
2025-06-25T03:36:36.2372781Z   Downloading requests-2.32.4-py3-none-any.whl.metadata (4.9 kB)
2025-06-25T03:36:36.2775229Z Collecting selenium==4.33.0 (from -r requirements.txt (line 40))
2025-06-25T03:36:36.2878907Z   Downloading selenium-4.33.0-py3-none-any.whl.metadata (7.5 kB)
2025-06-25T03:36:36.3988923Z Collecting setuptools==80.9.0 (from -r requirements.txt (line 41))
2025-06-25T03:36:36.4097336Z   Downloading setuptools-80.9.0-py3-none-any.whl.metadata (6.6 kB)
2025-06-25T03:36:36.4365661Z Collecting six==1.17.0 (from -r requirements.txt (line 42))
2025-06-25T03:36:36.4466634Z   Downloading six-1.17.0-py2.py3-none-any.whl.metadata (1.7 kB)
2025-06-25T03:36:36.4648453Z Collecting sniffio==1.3.1 (from -r requirements.txt (line 43))
2025-06-25T03:36:36.4748061Z   Downloading sniffio-1.3.1-py3-none-any.whl.metadata (3.9 kB)
2025-06-25T03:36:36.4972456Z Collecting sortedcontainers==2.4.0 (from -r requirements.txt (line 44))
2025-06-25T03:36:36.5077358Z   Downloading sortedcontainers-2.4.0-py2.py3-none-any.whl.metadata (10 kB)
2025-06-25T03:36:36.5305556Z Collecting soupsieve==2.7 (from -r requirements.txt (line 45))
2025-06-25T03:36:36.5409123Z   Downloading soupsieve-2.7-py3-none-any.whl.metadata (4.6 kB)
2025-06-25T03:36:36.5663954Z Collecting trio==0.30.0 (from -r requirements.txt (line 46))
2025-06-25T03:36:36.5765587Z   Downloading trio-0.30.0-py3-none-any.whl.metadata (8.5 kB)
2025-06-25T03:36:36.5980446Z Collecting trio-websocket==0.12.2 (from -r requirements.txt (line 47))
2025-06-25T03:36:36.6083335Z   Downloading trio_websocket-0.12.2-py3-none-any.whl.metadata (5.1 kB)
2025-06-25T03:36:36.6332865Z Collecting typing_extensions==4.13.2 (from -r requirements.txt (line 48))
2025-06-25T03:36:36.6443198Z   Downloading typing_extensions-4.13.2-py3-none-any.whl.metadata (3.0 kB)
2025-06-25T03:36:36.6689661Z Collecting tzdata==2025.2 (from -r requirements.txt (line 49))
2025-06-25T03:36:36.6793476Z   Downloading tzdata-2025.2-py2.py3-none-any.whl.metadata (1.4 kB)
2025-06-25T03:36:36.7008940Z Collecting tzlocal==5.3.1 (from -r requirements.txt (line 50))
2025-06-25T03:36:36.7123451Z   Downloading tzlocal-5.3.1-py3-none-any.whl.metadata (7.6 kB)
2025-06-25T03:36:36.7876524Z Collecting undetected-chromedriver==3.5.5 (from -r requirements.txt (line 51))
2025-06-25T03:36:36.7984118Z   Downloading undetected-chromedriver-3.5.5.tar.gz (65 kB)
2025-06-25T03:36:36.8116089Z   Installing build dependencies: started
2025-06-25T03:36:37.6824764Z   Installing build dependencies: finished with status 'done'
2025-06-25T03:36:37.6831228Z   Getting requirements to build wheel: started
2025-06-25T03:36:38.1143220Z   Getting requirements to build wheel: finished with status 'done'
2025-06-25T03:36:38.1151622Z   Preparing metadata (pyproject.toml): started
2025-06-25T03:36:38.2853474Z   Preparing metadata (pyproject.toml): finished with status 'done'
2025-06-25T03:36:38.3164741Z Collecting urllib3==2.4.0 (from -r requirements.txt (line 52))
2025-06-25T03:36:38.3267028Z   Downloading urllib3-2.4.0-py3-none-any.whl.metadata (6.5 kB)
2025-06-25T03:36:38.3511022Z Collecting webdriver-manager==4.0.2 (from -r requirements.txt (line 53))
2025-06-25T03:36:38.3623747Z   Downloading webdriver_manager-4.0.2-py2.py3-none-any.whl.metadata (12 kB)
2025-06-25T03:36:38.4357585Z Collecting websocket-client==1.8.0 (from -r requirements.txt (line 54))
2025-06-25T03:36:38.4463072Z   Downloading websocket_client-1.8.0-py3-none-any.whl.metadata (8.0 kB)
2025-06-25T03:36:38.5354256Z Collecting websockets==15.0.1 (from -r requirements.txt (line 55))
2025-06-25T03:36:38.5464947Z   Downloading websockets-15.0.1-cp311-cp311-manylinux_2_5_x86_64.manylinux1_x86_64.manylinux_2_17_x86_64.manylinux2014_x86_64.whl.metadata (6.8 kB)
2025-06-25T03:36:38.5763332Z Collecting Werkzeug==3.1.3 (from -r requirements.txt (line 56))
2025-06-25T03:36:38.5871775Z   Downloading werkzeug-3.1.3-py3-none-any.whl.metadata (3.7 kB)
2025-06-25T03:36:38.6083049Z Collecting wsproto==1.2.0 (from -r requirements.txt (line 57))
2025-06-25T03:36:38.6189010Z   Downloading wsproto-1.2.0-py3-none-any.whl.metadata (5.6 kB)
2025-06-25T03:36:38.8568697Z Collecting yarl==1.20.1 (from -r requirements.txt (line 58))
2025-06-25T03:36:38.8671699Z   Downloading yarl-1.20.1-cp311-cp311-manylinux_2_17_x86_64.manylinux2014_x86_64.whl.metadata (73 kB)
2025-06-25T03:36:39.0900472Z WARNING: The candidate selected for download or install is a yanked version: 'multidict' candidate (version 6.5.0 at https://files.pythonhosted.org/packages/8a/72/b2fe2fafa23af0c6123aebe23b4cd23fdad01dfe7009bb85624e4636d0dd/multidict-6.5.0-cp311-cp311-manylinux_2_17_x86_64.manylinux2014_x86_64.whl (from https://pypi.org/simple/multidict/) (requires-python:>=3.9))
2025-06-25T03:36:39.0903280Z Reason for being yanked: The version has a regression in 'md.update()' in certain conditions
2025-06-25T03:36:39.1017839Z Downloading aiohappyeyeballs-2.6.1-py3-none-any.whl (15 kB)
2025-06-25T03:36:39.1141974Z Downloading aiohttp-3.12.13-cp311-cp311-manylinux_2_17_x86_64.manylinux2014_x86_64.whl (1.7 MB)
2025-06-25T03:36:39.1496738Z    â”â”â”â”â”â”â”â”â”â”â”â”â”â”â”â”â”â”â”â”â”â”â”â”â”â”â”â”â”â”â”â”â”â”â”â”â”â”â”â” 1.7/1.7 MB 60.8 MB/s eta 0:00:00
2025-06-25T03:36:39.1605392Z Downloading multidict-6.5.0-cp311-cp311-manylinux_2_17_x86_64.manylinux2014_x86_64.whl (231 kB)
2025-06-25T03:36:39.1764074Z Downloading yarl-1.20.1-cp311-cp311-manylinux_2_17_x86_64.manylinux2014_x86_64.whl (348 kB)
2025-06-25T03:36:39.1910536Z Downloading aiosignal-1.3.2-py2.py3-none-any.whl (7.6 kB)
2025-06-25T03:36:39.2031044Z Downloading anyio-4.9.0-py3-none-any.whl (100 kB)
2025-06-25T03:36:39.2273084Z Downloading APScheduler-3.11.0-py3-none-any.whl (64 kB)
2025-06-25T03:36:39.2549617Z Downloading attrs-25.3.0-py3-none-any.whl (63 kB)
2025-06-25T03:36:39.2676679Z Downloading beautifulsoup4-4.13.4-py3-none-any.whl (187 kB)
2025-06-25T03:36:39.2814247Z Downloading blinker-1.9.0-py3-none-any.whl (8.5 kB)
2025-06-25T03:36:39.2948365Z Downloading certifi-2025.6.15-py3-none-any.whl (157 kB)
2025-06-25T03:36:39.3079397Z Downloading cffi-1.17.1-cp311-cp311-manylinux_2_17_x86_64.manylinux2014_x86_64.whl (467 kB)
2025-06-25T03:36:39.3254015Z Downloading charset_normalizer-3.4.2-cp311-cp311-manylinux_2_17_x86_64.manylinux2014_x86_64.whl (147 kB)
2025-06-25T03:36:39.3384344Z Downloading click-8.2.1-py3-none-any.whl (102 kB)
2025-06-25T03:36:39.3513071Z Downloading colorama-0.4.6-py2.py3-none-any.whl (25 kB)
2025-06-25T03:36:39.3649584Z Downloading fake_useragent-2.2.0-py3-none-any.whl (161 kB)
2025-06-25T03:36:39.3782544Z Downloading flask-3.1.1-py3-none-any.whl (103 kB)
2025-06-25T03:36:39.3917036Z Downloading frozenlist-1.7.0-cp311-cp311-manylinux_2_5_x86_64.manylinux1_x86_64.manylinux_2_17_x86_64.manylinux2014_x86_64.whl (235 kB)
2025-06-25T03:36:39.4079182Z Downloading greenlet-3.2.3-cp311-cp311-manylinux_2_24_x86_64.manylinux_2_28_x86_64.whl (585 kB)
2025-06-25T03:36:39.4163482Z    â”â”â”â”â”â”â”â”â”â”â”â”â”â”â”â”â”â”â”â”â”â”â”â”â”â”â”â”â”â”â”â”â”â”â”â”â”â”â”â” 585.5/585.5 kB 76.9 MB/s eta 0:00:00
2025-06-25T03:36:39.4267801Z Downloading h11-0.16.0-py3-none-any.whl (37 kB)
2025-06-25T03:36:39.4391463Z Downloading httpcore-1.0.9-py3-none-any.whl (78 kB)
2025-06-25T03:36:39.4540779Z Downloading httpx-0.25.2-py3-none-any.whl (74 kB)
2025-06-25T03:36:39.4674568Z Downloading idna-3.10-py3-none-any.whl (70 kB)
2025-06-25T03:36:39.4800101Z Downloading itsdangerous-2.2.0-py3-none-any.whl (16 kB)
2025-06-25T03:36:39.4953137Z Downloading jinja2-3.1.6-py3-none-any.whl (134 kB)
2025-06-25T03:36:39.5097296Z Downloading MarkupSafe-3.0.2-cp311-cp311-manylinux_2_17_x86_64.manylinux2014_x86_64.whl (23 kB)
2025-06-25T03:36:39.5246747Z Downloading numpy-2.2.0-cp311-cp311-manylinux_2_17_x86_64.manylinux2014_x86_64.whl (16.4 MB)
2025-06-25T03:36:39.6231617Z    â”â”â”â”â”â”â”â”â”â”â”â”â”â”â”â”â”â”â”â”â”â”â”â”â”â”â”â”â”â”â”â”â”â”â”â”â”â”â”â” 16.4/16.4 MB 168.9 MB/s eta 0:00:00
2025-06-25T03:36:39.6341303Z Downloading outcome-1.3.0.post0-py2.py3-none-any.whl (10 kB)
2025-06-25T03:36:39.6474905Z Downloading packaging-25.0-py3-none-any.whl (66 kB)
2025-06-25T03:36:39.6629964Z Downloading pandas-2.3.0-cp311-cp311-manylinux_2_17_x86_64.manylinux2014_x86_64.whl (12.4 MB)
2025-06-25T03:36:39.7421781Z    â”â”â”â”â”â”â”â”â”â”â”â”â”â”â”â”â”â”â”â”â”â”â”â”â”â”â”â”â”â”â”â”â”â”â”â”â”â”â”â” 12.4/12.4 MB 159.1 MB/s eta 0:00:00
2025-06-25T03:36:39.7527756Z Downloading playwright-1.52.0-py3-none-manylinux1_x86_64.whl (45.1 MB)
2025-06-25T03:36:39.9652480Z    â”â”â”â”â”â”â”â”â”â”â”â”â”â”â”â”â”â”â”â”â”â”â”â”â”â”â”â”â”â”â”â”â”â”â”â”â”â”â”â” 45.1/45.1 MB 214.6 MB/s eta 0:00:00
2025-06-25T03:36:39.9755979Z Downloading pyee-13.0.0-py3-none-any.whl (15 kB)
2025-06-25T03:36:39.9900084Z Downloading propcache-0.3.2-cp311-cp311-manylinux_2_17_x86_64.manylinux2014_x86_64.whl (213 kB)
2025-06-25T03:36:40.0043629Z Downloading pycparser-2.22-py3-none-any.whl (117 kB)
2025-06-25T03:36:40.0187432Z Downloading PySocks-1.7.1-py3-none-any.whl (16 kB)
2025-06-25T03:36:40.0309239Z Downloading python_dateutil-2.9.0.post0-py2.py3-none-any.whl (229 kB)
2025-06-25T03:36:40.0441613Z Downloading python_dotenv-1.1.0-py3-none-any.whl (20 kB)
2025-06-25T03:36:40.0571660Z Downloading python_telegram_bot-20.7-py3-none-any.whl (552 kB)
2025-06-25T03:36:40.0656724Z    â”â”â”â”â”â”â”â”â”â”â”â”â”â”â”â”â”â”â”â”â”â”â”â”â”â”â”â”â”â”â”â”â”â”â”â”â”â”â”â” 552.6/552.6 kB 49.8 MB/s eta 0:00:00
2025-06-25T03:36:40.0759329Z Downloading pytz-2025.2-py2.py3-none-any.whl (509 kB)
2025-06-25T03:36:40.0915866Z Downloading requests-2.32.4-py3-none-any.whl (64 kB)
2025-06-25T03:36:40.1051002Z Downloading urllib3-2.4.0-py3-none-any.whl (128 kB)
2025-06-25T03:36:40.1208396Z Downloading selenium-4.33.0-py3-none-any.whl (9.4 MB)
2025-06-25T03:36:40.1856725Z    â”â”â”â”â”â”â”â”â”â”â”â”â”â”â”â”â”â”â”â”â”â”â”â”â”â”â”â”â”â”â”â”â”â”â”â”â”â”â”â” 9.4/9.4 MB 146.4 MB/s eta 0:00:00
2025-06-25T03:36:40.1964644Z Downloading trio-0.30.0-py3-none-any.whl (499 kB)
2025-06-25T03:36:40.2140533Z Downloading trio_websocket-0.12.2-py3-none-any.whl (21 kB)
2025-06-25T03:36:40.2283046Z Downloading typing_extensions-4.13.2-py3-none-any.whl (45 kB)
2025-06-25T03:36:40.2403745Z Downloading websocket_client-1.8.0-py3-none-any.whl (58 kB)
2025-06-25T03:36:40.2440472Z Using cached setuptools-80.9.0-py3-none-any.whl (1.2 MB)
2025-06-25T03:36:40.2550591Z Downloading six-1.17.0-py2.py3-none-any.whl (11 kB)
2025-06-25T03:36:40.2671299Z Downloading sniffio-1.3.1-py3-none-any.whl (10 kB)
2025-06-25T03:36:40.2790713Z Downloading sortedcontainers-2.4.0-py2.py3-none-any.whl (29 kB)
2025-06-25T03:36:40.2920608Z Downloading soupsieve-2.7-py3-none-any.whl (36 kB)
2025-06-25T03:36:40.3056513Z Downloading tzdata-2025.2-py2.py3-none-any.whl (347 kB)
2025-06-25T03:36:40.3211195Z Downloading tzlocal-5.3.1-py3-none-any.whl (18 kB)
2025-06-25T03:36:40.3345945Z Downloading webdriver_manager-4.0.2-py2.py3-none-any.whl (27 kB)
2025-06-25T03:36:40.3472352Z Downloading websockets-15.0.1-cp311-cp311-manylinux_2_5_x86_64.manylinux1_x86_64.manylinux_2_17_x86_64.manylinux2014_x86_64.whl (182 kB)
2025-06-25T03:36:40.3627564Z Downloading werkzeug-3.1.3-py3-none-any.whl (224 kB)
2025-06-25T03:36:40.3778121Z Downloading wsproto-1.2.0-py3-none-any.whl (24 kB)
2025-06-25T03:36:40.5033018Z Building wheels for collected packages: undetected-chromedriver
2025-06-25T03:36:40.5041076Z   Building wheel for undetected-chromedriver (pyproject.toml): started
2025-06-25T03:36:40.7075810Z   Building wheel for undetected-chromedriver (pyproject.toml): finished with status 'done'
2025-06-25T03:36:40.7082638Z   Created wheel for undetected-chromedriver: filename=undetected_chromedriver-3.5.5-py3-none-any.whl size=47131 sha256=802a65d3745894bb74c233acd0a0672836f2a7b9b15c3ec0d8a460916dd43c52
2025-06-25T03:36:40.7084415Z   Stored in directory: /home/runner/.cache/pip/wheels/5c/b9/03/4b6e38f019d6170e8c25df2e1e362d7bdf9ff4012df2dc85c0
2025-06-25T03:36:40.7125976Z Successfully built undetected-chromedriver
2025-06-25T03:36:40.8297613Z Installing collected packages: sortedcontainers, pytz, websockets, websocket-client, urllib3, tzlocal, tzdata, typing_extensions, soupsieve, sniffio, six, setuptools, python-dotenv, PySocks, pycparser, propcache, packaging, numpy, multidict, MarkupSafe, itsdangerous, idna, h11, greenlet, frozenlist, fake-useragent, colorama, click, charset-normalizer, certifi, blinker, attrs, aiohappyeyeballs, yarl, wsproto, Werkzeug, requests, python-dateutil, pyee, outcome, Jinja2, httpcore, cffi, beautifulsoup4, APScheduler, anyio, aiosignal, webdriver-manager, trio, playwright, pandas, httpx, Flask, aiohttp, trio-websocket, python-telegram-bot, selenium, undetected-chromedriver
2025-06-25T03:36:41.3275711Z   Attempting uninstall: setuptools
2025-06-25T03:36:41.3295351Z     Found existing installation: setuptools 65.5.0
2025-06-25T03:36:41.3490908Z     Uninstalling setuptools-65.5.0:
2025-06-25T03:36:41.3629385Z       Successfully uninstalled setuptools-65.5.0
2025-06-25T03:36:51.6363929Z 
2025-06-25T03:36:51.6398742Z Successfully installed APScheduler-3.11.0 Flask-3.1.1 Jinja2-3.1.6 MarkupSafe-3.0.2 PySocks-1.7.1 Werkzeug-3.1.3 aiohappyeyeballs-2.6.1 aiohttp-3.12.13 aiosignal-1.3.2 anyio-4.9.0 attrs-25.3.0 beautifulsoup4-4.13.4 blinker-1.9.0 certifi-2025.6.15 cffi-1.17.1 charset-normalizer-3.4.2 click-8.2.1 colorama-0.4.6 fake-useragent-2.2.0 frozenlist-1.7.0 greenlet-3.2.3 h11-0.16.0 httpcore-1.0.9 httpx-0.25.2 idna-3.10 itsdangerous-2.2.0 multidict-6.5.0 numpy-2.2.0 outcome-1.3.0.post0 packaging-25.0 pandas-2.3.0 playwright-1.52.0 propcache-0.3.2 pycparser-2.22 pyee-13.0.0 python-dateutil-2.9.0.post0 python-dotenv-1.1.0 python-telegram-bot-20.7 pytz-2025.2 requests-2.32.4 selenium-4.33.0 setuptools-80.9.0 six-1.17.0 sniffio-1.3.1 sortedcontainers-2.4.0 soupsieve-2.7 trio-0.30.0 trio-websocket-0.12.2 typing_extensions-4.13.2 tzdata-2025.2 tzlocal-5.3.1 undetected-chromedriver-3.5.5 urllib3-2.4.0 webdriver-manager-4.0.2 websocket-client-1.8.0 websockets-15.0.1 wsproto-1.2.0 yarl-1.20.1
2025-06-25T03:36:52.1317705Z ##[group]Run python main.py
2025-06-25T03:36:52.1318077Z [36;1mpython main.py[0m
2025-06-25T03:36:52.1379733Z shell: /usr/bin/bash -e {0}
2025-06-25T03:36:52.1379984Z env:
2025-06-25T03:36:52.1380251Z   pythonLocation: /opt/hostedtoolcache/Python/3.11.13/x64
2025-06-25T03:36:52.1380698Z   PKG_CONFIG_PATH: /opt/hostedtoolcache/Python/3.11.13/x64/lib/pkgconfig
2025-06-25T03:36:52.1381129Z   Python_ROOT_DIR: /opt/hostedtoolcache/Python/3.11.13/x64
2025-06-25T03:36:52.1381680Z   Python2_ROOT_DIR: /opt/hostedtoolcache/Python/3.11.13/x64
2025-06-25T03:36:52.1382065Z   Python3_ROOT_DIR: /opt/hostedtoolcache/Python/3.11.13/x64
2025-06-25T03:36:52.1382442Z   LD_LIBRARY_PATH: /opt/hostedtoolcache/Python/3.11.13/x64/lib
2025-06-25T03:36:52.1382954Z   TELEGRAM_BOT_TOKEN: ***
2025-06-25T03:36:52.1383224Z   TELEGRAM_CHAT_ID: ***
2025-06-25T03:36:52.1383439Z ##[endgroup]
2025-06-25T03:36:52.9206483Z Traceback (most recent call last):
2025-06-25T03:36:52.9207386Z ğŸ” Starting Amazon Affiliate Bot...
2025-06-25T03:36:52.9215941Z   File "/home/runner/work/amazon-affiliate-bot/amazon-affiliate-bot/main.py", line 151, in <module>
2025-06-25T03:36:52.9216944Z     asyncio.run(main())
2025-06-25T03:36:52.9217563Z   File "/opt/hostedtoolcache/Python/3.11.13/x64/lib/python3.11/asyncio/runners.py", line 190, in run
2025-06-25T03:36:52.9218023Z     return runner.run(main)
2025-06-25T03:36:52.9218235Z            ^^^^^^^^^^^^^^^^
2025-06-25T03:36:52.9218660Z   File "/opt/hostedtoolcache/Python/3.11.13/x64/lib/python3.11/asyncio/runners.py", line 118, in run
2025-06-25T03:36:52.9219140Z     return self._loop.run_until_complete(task)
2025-06-25T03:36:52.9219405Z            ^^^^^^^^^^^^^^^^^^^^^^^^^^^^^^^^^^^
2025-06-25T03:36:52.9219935Z   File "/opt/hostedtoolcache/Python/3.11.13/x64/lib/python3.11/asyncio/base_events.py", line 654, in run_until_complete
2025-06-25T03:36:52.9220427Z     return future.result()
2025-06-25T03:36:52.9220624Z            ^^^^^^^^^^^^^^^
2025-06-25T03:36:52.9221037Z   File "/home/runner/work/amazon-affiliate-bot/amazon-affiliate-bot/main.py", line 124, in main
2025-06-25T03:36:52.9221503Z     browser = await p.chromium.launch(headless=True)
2025-06-25T03:36:52.9221781Z               ^^^^^^^^^^^^^^^^^^^^^^^^^^^^^^^^^^^^^^
2025-06-25T03:36:52.9222379Z   File "/opt/hostedtoolcache/Python/3.11.13/x64/lib/python3.11/site-packages/playwright/async_api/_generated.py", line 14451, in launch
2025-06-25T03:36:52.9229833Z     await self._impl_obj.launch(
2025-06-25T03:36:52.9230807Z   File "/opt/hostedtoolcache/Python/3.11.13/x64/lib/python3.11/site-packages/playwright/_impl/_browser_type.py", line 97, in launch
2025-06-25T03:36:52.9231864Z     Browser, from_channel(await self._channel.send("launch", params))
2025-06-25T03:36:52.9232403Z                           ^^^^^^^^^^^^^^^^^^^^^^^^^^^^^^^^^^^^^^^^^^
2025-06-25T03:36:52.9233276Z   File "/opt/hostedtoolcache/Python/3.11.13/x64/lib/python3.11/site-packages/playwright/_impl/_connection.py", line 61, in send
2025-06-25T03:36:52.9234206Z     return await self._connection.wrap_api_call(
2025-06-25T03:36:52.9234648Z            ^^^^^^^^^^^^^^^^^^^^^^^^^^^^^^^^^^^^^
2025-06-25T03:36:52.9235634Z   File "/opt/hostedtoolcache/Python/3.11.13/x64/lib/python3.11/site-packages/playwright/_impl/_connection.py", line 528, in wrap_api_call
2025-06-25T03:36:52.9237020Z     raise rewrite_error(error, f"{parsed_st['apiName']}: {error}") from None
2025-06-25T03:36:52.9237789Z playwright._impl._errors.Error: BrowserType.launch: Executable doesn't exist at /home/runner/.cache/ms-playwright/chromium_headless_shell-1169/chrome-linux/headless_shell
2025-06-25T03:36:52.9238629Z â•”â•â•â•â•â•â•â•â•â•â•â•â•â•â•â•â•â•â•â•â•â•â•â•â•â•â•â•â•â•â•â•â•â•â•â•â•â•â•â•â•â•â•â•â•â•â•â•â•â•â•â•â•â•â•â•â•â•â•â•â•â•—
2025-06-25T03:36:52.9239037Z â•‘ Looks like Playwright was just installed or updated.       â•‘
2025-06-25T03:36:52.9239458Z â•‘ Please run the following command to download new browsers: â•‘
2025-06-25T03:36:52.9239814Z â•‘                                                            â•‘
2025-06-25T03:36:52.9240423Z â•‘     playwright install                                     â•‘
2025-06-25T03:36:52.9240796Z â•‘                                                            â•‘
2025-06-25T03:36:52.9241161Z â•‘ <3 Playwright Team                                         â•‘
2025-06-25T03:36:52.9241560Z â•šâ•â•â•â•â•â•â•â•â•â•â•â•â•â•â•â•â•â•â•â•â•â•â•â•â•â•â•â•â•â•â•â•â•â•â•â•â•â•â•â•â•â•â•â•â•â•â•â•â•â•â•â•â•â•â•â•â•â•â•â•â•
2025-06-25T03:36:52.9692712Z ##[error]Process completed with exit code 1.
2025-06-25T03:36:52.9782861Z Post job cleanup.
2025-06-25T03:36:53.0482652Z [command]/usr/bin/git version
2025-06-25T03:36:53.0517434Z git version 2.49.0
2025-06-25T03:36:53.0559307Z Temporarily overriding HOME='/home/runner/work/_temp/8890b144-bee3-474a-87c4-4488adea5f9f' before making global git config changes
2025-06-25T03:36:53.0560270Z Adding repository directory to the temporary git global config as a safe directory
2025-06-25T03:36:53.0563545Z [command]/usr/bin/git config --global --add safe.directory /home/runner/work/amazon-affiliate-bot/amazon-affiliate-bot
2025-06-25T03:36:53.0594505Z [command]/usr/bin/git config --local --name-only --get-regexp core\.sshCommand
2025-06-25T03:36:53.0623616Z [command]/usr/bin/git submodule foreach --recursive sh -c "git config --local --name-only --get-regexp 'core\.sshCommand' && git config --local --unset-all 'core.sshCommand' || :"
2025-06-25T03:36:53.0854726Z [command]/usr/bin/git config --local --name-only --get-regexp http\.https\:\/\/github\.com\/\.extraheader
2025-06-25T03:36:53.0875073Z http.https://github.com/.extraheader
2025-06-25T03:36:53.0886345Z [command]/usr/bin/git config --local --unset-all http.https://github.com/.extraheader
2025-06-25T03:36:53.0913921Z [command]/usr/bin/git submodule foreach --recursive sh -c "git config --local --name-only --get-regexp 'http\.https\:\/\/github\.com\/\.extraheader' && git config --local --unset-all 'http.https://github.com/.extraheader' || :"
2025-06-25T03:36:53.1238179Z Cleaning up orphan processes